03-01 18:36:03.064 10974 10974 W ThreadPoolDumper: Queue length for executor Lightweight is now 11. Perhaps some tasks are too long, or the pool is too small.
03-01 18:36:03.169 10974 10974 I StreamController: registerScope: nowcards-3886040018368191098
03-01 18:36:03.235  2087  2580 W system_server: Long monitor contention with owner LazyTaskWriterThread (2267) at void com.android.server.am.TaskPersister$LazyTaskWriterThread.processNextItem()(TaskPersister.java:739) waiters=0 in android.content.Intent com.android.server.am.ActivityManagerService.registerReceiver(android.app.IApplicationThread, java.lang.String, android.content.IIntentReceiver, android.content.IntentFilter, java.lang.String, int, int) for 158ms
03-01 18:36:03.252 10974 26820 W LocationOracle: No location history returned by ContextManager
03-01 18:36:03.363 10974 26386 E EntrySyncManager: Cannot determine account name: drop request
03-01 18:36:03.364 10974 26386 E NowController: Failed to access data from EntryProvider. ExecutionException.
03-01 18:36:03.364 10974 26386 E NowController: java.util.concurrent.ExecutionException: com.google.android.apps.gsa.sidekick.main.h.n: Could not complete scheduled request to refresh entries. ClientErrorCode: 3
03-01 18:36:03.364 10974 26386 E NowController: 	at com.google.common.util.concurrent.d.eA(SourceFile:85)
03-01 18:36:03.364 10974 26386 E NowController: 	at com.google.common.util.concurrent.d.get(SourceFile:23)
03-01 18:36:03.364 10974 26386 E NowController: 	at com.google.common.util.concurrent.l.get(SourceFile:2)
03-01 18:36:03.364 10974 26386 E NowController: 	at com.google.android.apps.gsa.staticplugins.nowstream.b.a.be.cbB(SourceFile:49)
03-01 18:36:03.364 10974 26386 E NowController: 	at com.google.android.apps.gsa.staticplugins.nowstream.b.a.be.cbA(SourceFile:181)
03-01 18:36:03.364 10974 26386 E NowController: 	at com.google.android.apps.gsa.staticplugins.nowstream.b.a.bh.run(Unknown Source:2)
03-01 18:36:03.364 10974 26386 E NowController: 	at com.google.android.apps.gsa.shared.util.concurrent.at.run(SourceFile:4)
03-01 18:36:03.364 10974 26386 E NowController: 	at java.util.concurrent.Executors$RunnableAdapter.call(Executors.java:458)
03-01 18:36:03.364 10974 26386 E NowController: 	at java.util.concurrent.FutureTask.run(FutureTask.java:266)
03-01 18:36:03.364 10974 26386 E NowController: 	at java.util.concurrent.Executors$RunnableAdapter.call(Executors.java:458)
03-01 18:36:03.364 10974 26386 E NowController: 	at java.util.concurrent.FutureTask.run(FutureTask.java:266)
03-01 18:36:03.364 10974 26386 E NowController: 	at com.google.android.apps.gsa.shared.util.concurrent.b.g.run(Unknown Source:4)
03-01 18:36:03.364 10974 26386 E NowController: 	at com.google.android.apps.gsa.shared.util.concurrent.b.aw.run(SourceFile:4)
03-01 18:36:03.364 10974 26386 E NowController: 	at com.google.android.apps.gsa.shared.util.concurrent.b.aw.run(SourceFile:4)
03-01 18:36:03.364 10974 26386 E NowController: 	at java.util.concurrent.ThreadPoolExecutor.runWorker(ThreadPoolExecutor.java:1167)
03-01 18:36:03.364 10974 26386 E NowController: 	at java.util.concurrent.ThreadPoolExecutor$Worker.run(ThreadPoolExecutor.java:641)
03-01 18:36:03.364 10974 26386 E NowController: 	at java.lang.Thread.run(Thread.java:764)
03-01 18:36:03.364 10974 26386 E NowController: 	at com.google.android.apps.gsa.shared.util.concurrent.b.i.run(SourceFile:6)
03-01 18:36:03.364 10974 26386 E NowController: Caused by: com.google.android.apps.gsa.sidekick.main.h.n: Could not complete scheduled request to refresh entries. ClientErrorCode: 3
03-01 18:36:03.364 10974 26386 E NowController: 	at com.google.android.apps.gsa.staticplugins.nowstream.b.a.ar.az(Unknown Source:4)
03-01 18:36:03.364 10974 26386 E NowController: 	at com.google.common.util.concurrent.q.ap(SourceFile:7)
03-01 18:36:03.364 10974 26386 E NowController: 	at com.google.common.util.concurrent.p.run(SourceFile:32)
03-01 18:36:03.364 10974 26386 E NowController: 	at com.google.common.util.concurrent.bt.execute(SourceFile:3)
03-01 18:36:03.364 10974 26386 E NowController: 	at com.google.common.util.concurrent.d.b(SourceFile:275)
03-01 18:36:03.364 10974 26386 E NowController: 	at com.google.common.util.concurrent.d.addListener(SourceFile:135)
03-01 18:36:03.364 10974 26386 E NowController: 	at com.google.common.util.concurrent.p.b(SourceFile:3)
03-01 18:36:03.364 10974 26386 E NowController: 	at com.google.android.apps.gsa.shared.util.concurrent.h.a(SourceFile:16)
03-01 18:36:03.364 10974 26386 E NowController: 	at com.google.android.apps.gsa.shared.util.concurrent.h.a(SourceFile:13)
03-01 18:36:03.364 10974 26386 E NowController: 	at com.google.android.apps.gsa.staticplugins.nowstream.b.a.be.cbB(SourceFile:47)
03-01 18:36:03.364 10974 26386 E NowController: 	... 14 more
03-01 18:36:03.502  2087  3871 I GnssLocationProvider: WakeLock acquired by sendMessage(REPORT_SV_STATUS, 0, com.android.server.location.GnssLocationProvider$SvStatusInfo@c26b482)
03-01 18:36:03.550  2087  2119 I GnssLocationProvider: WakeLock released by handleMessage(REPORT_SV_STATUS, 0, com.android.server.location.GnssLocationProvider$SvStatusInfo@c26b482)
03-01 18:36:03.739 10974 10974 I StreamRenderer: maybeRegisterNowCardsScope(nowcards-3886040018368191098, com.google.android.sidekick.shared.remoteapi.CardRenderingContext@3e8021b)
03-01 18:36:04.210 26754 26754 D LifecycleMonitor: Lifecycle status change: androidx.test.core.app.InstrumentationActivityInvoker$EmptyActivity@4804dc1 in: STOPPED
03-01 18:36:04.210 26754 26754 D LifecycleMonitor: running callback: androidx.test.core.app.ActivityScenario$1@8b96982
03-01 18:36:04.211 26754 26754 V ActivityScenario: Activity lifecycle changed event received but ignored because the intent does not match. startActivityIntent=Intent { act=android.intent.action.MAIN cat=[android.intent.category.LAUNCHER] cmp=com.example.dogglers/.HorizontalListActivity }, activity.getIntent()=Intent { act=android.intent.action.MAIN cat=[android.intent.category.LAUNCHER] flg=0x10000000 cmp=com.example.dogglers/androidx.test.core.app.InstrumentationActivityInvoker$EmptyActivity }, activity=androidx.test.core.app.InstrumentationActivityInvoker$EmptyActivity@4804dc1
03-01 18:36:04.211 26754 26754 D LifecycleMonitor: callback completes: androidx.test.core.app.ActivityScenario$1@8b96982
03-01 18:36:04.256 10974 10974 I StreamController: cleanUpControllerScope(nowcards-3886040018368191098)
03-01 18:36:04.257 10974 10974 I StreamController: registerScope: nowcards--490586615009741030
03-01 18:36:04.265 26754 26754 D LifecycleMonitor: Lifecycle status change: androidx.test.core.app.InstrumentationActivityInvoker$EmptyActivity@4804dc1 in: DESTROYED
03-01 18:36:04.284 26754 26754 D LifecycleMonitor: running callback: androidx.test.core.app.ActivityScenario$1@8b96982
03-01 18:36:04.284 26754 26754 V ActivityScenario: Activity lifecycle changed event received but ignored because the intent does not match. startActivityIntent=Intent { act=android.intent.action.MAIN cat=[android.intent.category.LAUNCHER] cmp=com.example.dogglers/.HorizontalListActivity }, activity.getIntent()=Intent { act=android.intent.action.MAIN cat=[android.intent.category.LAUNCHER] flg=0x10000000 cmp=com.example.dogglers/androidx.test.core.app.InstrumentationActivityInvoker$EmptyActivity }, activity=androidx.test.core.app.InstrumentationActivityInvoker$EmptyActivity@4804dc1
03-01 18:36:04.285 26754 26754 D LifecycleMonitor: callback completes: androidx.test.core.app.ActivityScenario$1@8b96982
03-01 18:36:04.434 10974 10974 I StreamRenderer: cleanUpRendererScope(nowcards-3886040018368191098)
03-01 18:36:04.434 10974 10974 I StreamRenderer: maybeRegisterNowCardsScope(nowcards--490586615009741030, com.google.android.sidekick.shared.remoteapi.CardRenderingContext@ecf000c)
03-01 18:36:04.484  2087  2132 W system_server: Long monitor contention with owner Binder:2087_B (3077) at void com.android.server.wm.WindowManagerService.removeWindow(com.android.server.wm.Session, android.view.IWindow)(WindowManagerService.java:1641) waiters=0 in void com.android.server.wm.WindowManagerService$H.handleMessage(android.os.Message) for 118ms
03-01 18:36:04.490  2087  3871 I GnssLocationProvider: WakeLock acquired by sendMessage(REPORT_SV_STATUS, 0, com.android.server.location.GnssLocationProvider$SvStatusInfo@79251da)
03-01 18:36:04.597 10974 10974 I MicroDetectionWorker: #startMicroDetector [speakerMode: 0]
03-01 18:36:04.604 10974 10974 I AudioController: Using mInputStreamFactoryBuilder
03-01 18:36:04.604 10974 10974 I AudioController: Created new AudioSource
03-01 18:36:04.675 10974 10974 I MicroDetectionWorker: onReady
03-01 18:36:05.001  3746 23555 E WakeLock: GCM_HB_ALARM release without a matched acquire!
03-01 18:36:05.093 26754 26754 D LifecycleMonitor: Lifecycle status change: com.example.dogglers.HorizontalListActivity@56b9885 in: STOPPED
03-01 18:36:05.093 26754 26754 D LifecycleMonitor: running callback: androidx.test.core.app.ActivityScenario$1@8b96982
03-01 18:36:05.094 26754 26754 V ActivityScenario: Update currentActivityStage to STOPPED, currentActivity=com.example.dogglers.HorizontalListActivity@56b9885
03-01 18:36:05.094 26754 26754 D LifecycleMonitor: callback completes: androidx.test.core.app.ActivityScenario$1@8b96982
03-01 18:36:05.130 10974 25324 I MicroRecognitionRunner: Starting detection.
03-01 18:36:05.131 10974 26819 I MicrophoneInputStream: mic_starting  SR : 16000 CC : 16 SO : 6
03-01 18:36:05.133 26754 26754 D LifecycleMonitor: Lifecycle status change: com.example.dogglers.HorizontalListActivity@56b9885 in: DESTROYED
03-01 18:36:05.133 26754 26754 D LifecycleMonitor: running callback: androidx.test.core.app.ActivityScenario$1@8b96982
03-01 18:36:05.145  1628  1628 E         : Request requires android.permission.RECORD_AUDIO
03-01 18:36:05.145  1628  1628 E AudioPolicyIntefaceImpl: getInputForAttr permission denied: recording not allowed for uid 10040 pid 10974
03-01 18:36:05.145  1628  1628 E AudioFlinger: createRecord() checkRecordThread_l failed
03-01 18:36:05.166 10974 26819 E IAudioFlinger: createRecord returned error -22
03-01 18:36:05.166 10974 26819 E AudioRecord: AudioFlinger could not create record track, status: -22
03-01 18:36:05.168 10974 26819 E AudioRecord-JNI: Error creating AudioRecord instance: initialization check failed with status -22.
03-01 18:36:05.203 10974 26819 E android.media.AudioRecord: Error code -20 when initializing native AudioRecord object.
03-01 18:36:05.203 10974 26819 I MicrophoneInputStream: mic_started  SR : 16000 CC : 16 SO : 6
03-01 18:36:05.207 10974 26832 W ThreadPoolDumper: Task d[Start unbuffering task.] was queued for 1071ms before starting on executor Background
03-01 18:36:05.208 26754 26754 V ActivityScenario: Update currentActivityStage to DESTROYED, currentActivity=null
03-01 18:36:05.208 26754 26754 D LifecycleMonitor: callback completes: androidx.test.core.app.ActivityScenario$1@8b96982
03-01 18:36:05.244 26754 26790 I TestRunner: finished: horizontal_scroll_content_at_last_position(com.example.dogglers.HorizontalListTests)
