03-01 18:34:14.756  2087  2119 I GnssLocationProvider: WakeLock released by handleMessage(REPORT_SV_STATUS, 0, com.android.server.location.GnssLocationProvider$SvStatusInfo@31ba4b6)
03-01 18:34:14.762  2087  3122 W system_server: Long monitor contention with owner android.anim (2183) at void com.android.server.wm.WindowSurfacePlacer.lambda$new$0(com.android.server.wm.WindowSurfacePlacer)(WindowSurfacePlacer.java:117) waiters=0 in boolean com.android.server.wm.WindowManagerService.inputMethodClientHasFocus(com.android.internal.view.IInputMethodClient) for 106ms
03-01 18:34:14.768  2275  2275 I GoogleInputMethod: onFinishInput() : Dummy InputConnection bound
03-01 18:34:14.771  2275  2275 I GoogleInputMethod: onStartInput() : Dummy InputConnection bound
03-01 18:34:14.772  2087  2132 I ActivityManager: Displayed com.example.dogglers/androidx.test.core.app.InstrumentationActivityInvoker$EmptyActivity: +851ms
03-01 18:34:14.833 26754 26795 D EGL_emulation: eglMakeCurrent: 0xe7504300: ver 3 0 (tinfo 0xe75037f0)
03-01 18:34:14.962 26754 26754 D LifecycleMonitor: Lifecycle status change: com.example.dogglers.MainActivity@3b6c65 in: STOPPED
03-01 18:34:14.962 26754 26754 D LifecycleMonitor: running callback: androidx.test.core.app.ActivityScenario$1@d89f3e2
03-01 18:34:14.963 26754 26754 V ActivityScenario: Update currentActivityStage to STOPPED, currentActivity=com.example.dogglers.MainActivity@3b6c65
03-01 18:34:14.963 26754 26754 D LifecycleMonitor: callback completes: androidx.test.core.app.ActivityScenario$1@d89f3e2
03-01 18:34:14.966 26754 26754 D LifecycleMonitor: Lifecycle status change: com.example.dogglers.MainActivity@3b6c65 in: DESTROYED
03-01 18:34:14.966 26754 26754 D LifecycleMonitor: running callback: androidx.test.core.app.ActivityScenario$1@d89f3e2
03-01 18:34:14.966 26754 26754 V ActivityScenario: Update currentActivityStage to DESTROYED, currentActivity=null
03-01 18:34:14.966 26754 26754 D LifecycleMonitor: callback completes: androidx.test.core.app.ActivityScenario$1@d89f3e2
03-01 18:34:15.060 26754 26754 D LifecycleMonitor: Lifecycle status change: androidx.test.core.app.InstrumentationActivityInvoker$EmptyActivity@1bd7d2f in: PAUSED
03-01 18:34:15.062 26754 26754 D LifecycleMonitor: running callback: androidx.test.core.app.ActivityScenario$1@d89f3e2
03-01 18:34:15.063 26754 26754 V ActivityScenario: Activity lifecycle changed event received but ignored because the intent does not match. startActivityIntent=Intent { act=android.intent.action.MAIN cat=[android.intent.category.LAUNCHER] cmp=com.example.dogglers/.MainActivity }, activity.getIntent()=Intent { act=android.intent.action.MAIN cat=[android.intent.category.LAUNCHER] flg=0x10000000 cmp=com.example.dogglers/androidx.test.core.app.InstrumentationActivityInvoker$EmptyActivity }, activity=androidx.test.core.app.InstrumentationActivityInvoker$EmptyActivity@1bd7d2f
03-01 18:34:15.063 26754 26754 D LifecycleMonitor: callback completes: androidx.test.core.app.ActivityScenario$1@d89f3e2
03-01 18:34:15.159 26754 26795 D EGL_emulation: eglMakeCurrent: 0xe7504300: ver 3 0 (tinfo 0xe75037f0)
03-01 18:34:15.180 26754 26795 D EGL_emulation: eglMakeCurrent: 0xe7504300: ver 3 0 (tinfo 0xe75037f0)
03-01 18:34:15.280 26754 26754 D LifecycleMonitor: Lifecycle status change: androidx.test.core.app.InstrumentationActivityInvoker$BootstrapActivity@11754ad in: DESTROYED
03-01 18:34:15.281 26754 26754 D LifecycleMonitor: running callback: androidx.test.core.app.ActivityScenario$1@d89f3e2
03-01 18:34:15.282 26754 26754 V ActivityScenario: Activity lifecycle changed event received but ignored because the intent does not match. startActivityIntent=Intent { act=android.intent.action.MAIN cat=[android.intent.category.LAUNCHER] cmp=com.example.dogglers/.MainActivity }, activity.getIntent()=Intent { act=android.intent.action.MAIN cat=[android.intent.category.LAUNCHER] flg=0x10008000 cmp=com.example.dogglers/androidx.test.core.app.InstrumentationActivityInvoker$BootstrapActivity (has extras) }, activity=androidx.test.core.app.InstrumentationActivityInvoker$BootstrapActivity@11754ad
03-01 18:34:15.282 26754 26754 D LifecycleMonitor: callback completes: androidx.test.core.app.ActivityScenario$1@d89f3e2
03-01 18:34:15.283 26754 26754 W ActivityThread: handleWindowVisibility: no activity for token android.os.BinderProxy@135c9d4
03-01 18:34:15.301 26754 26754 D LifecycleMonitor: Lifecycle status change: androidx.test.core.app.InstrumentationActivityInvoker$EmptyActivity@e7d6672 in: PRE_ON_CREATE
03-01 18:34:15.302 26754 26754 D LifecycleMonitor: running callback: androidx.test.core.app.ActivityScenario$1@d89f3e2
03-01 18:34:15.302 26754 26754 V ActivityScenario: Activity lifecycle changed event received but ignored because the intent does not match. startActivityIntent=Intent { act=android.intent.action.MAIN cat=[android.intent.category.LAUNCHER] cmp=com.example.dogglers/.MainActivity }, activity.getIntent()=Intent { act=android.intent.action.MAIN cat=[android.intent.category.LAUNCHER] flg=0x10000000 cmp=com.example.dogglers/androidx.test.core.app.InstrumentationActivityInvoker$EmptyActivity }, activity=androidx.test.core.app.InstrumentationActivityInvoker$EmptyActivity@e7d6672
03-01 18:34:15.302 26754 26754 D LifecycleMonitor: callback completes: androidx.test.core.app.ActivityScenario$1@d89f3e2
03-01 18:34:15.355 26754 26754 D LifecycleMonitor: Lifecycle status change: androidx.test.core.app.InstrumentationActivityInvoker$EmptyActivity@e7d6672 in: CREATED
03-01 18:34:15.355 26754 26754 D LifecycleMonitor: running callback: androidx.test.core.app.ActivityScenario$1@d89f3e2
03-01 18:34:15.355 26754 26754 V ActivityScenario: Activity lifecycle changed event received but ignored because the intent does not match. startActivityIntent=Intent { act=android.intent.action.MAIN cat=[android.intent.category.LAUNCHER] cmp=com.example.dogglers/.MainActivity }, activity.getIntent()=Intent { act=android.intent.action.MAIN cat=[android.intent.category.LAUNCHER] flg=0x10000000 cmp=com.example.dogglers/androidx.test.core.app.InstrumentationActivityInvoker$EmptyActivity }, activity=androidx.test.core.app.InstrumentationActivityInvoker$EmptyActivity@e7d6672
03-01 18:34:15.355 26754 26754 D LifecycleMonitor: callback completes: androidx.test.core.app.ActivityScenario$1@d89f3e2
03-01 18:34:15.361 26754 26754 D LifecycleMonitor: Lifecycle status change: androidx.test.core.app.InstrumentationActivityInvoker$EmptyActivity@e7d6672 in: STARTED
03-01 18:34:15.361 26754 26754 D LifecycleMonitor: running callback: androidx.test.core.app.ActivityScenario$1@d89f3e2
03-01 18:34:15.362 26754 26754 V ActivityScenario: Activity lifecycle changed event received but ignored because the intent does not match. startActivityIntent=Intent { act=android.intent.action.MAIN cat=[android.intent.category.LAUNCHER] cmp=com.example.dogglers/.MainActivity }, activity.getIntent()=Intent { act=android.intent.action.MAIN cat=[android.intent.category.LAUNCHER] flg=0x10000000 cmp=com.example.dogglers/androidx.test.core.app.InstrumentationActivityInvoker$EmptyActivity }, activity=androidx.test.core.app.InstrumentationActivityInvoker$EmptyActivity@e7d6672
03-01 18:34:15.362 26754 26754 D LifecycleMonitor: callback completes: androidx.test.core.app.ActivityScenario$1@d89f3e2
03-01 18:34:15.366 26754 26754 D LifecycleMonitor: Lifecycle status change: androidx.test.core.app.InstrumentationActivityInvoker$EmptyActivity@e7d6672 in: RESUMED
03-01 18:34:15.366 26754 26754 D LifecycleMonitor: running callback: androidx.test.core.app.ActivityScenario$1@d89f3e2
03-01 18:34:15.366 26754 26754 V ActivityScenario: Activity lifecycle changed event received but ignored because the intent does not match. startActivityIntent=Intent { act=android.intent.action.MAIN cat=[android.intent.category.LAUNCHER] cmp=com.example.dogglers/.MainActivity }, activity.getIntent()=Intent { act=android.intent.action.MAIN cat=[android.intent.category.LAUNCHER] flg=0x10000000 cmp=com.example.dogglers/androidx.test.core.app.InstrumentationActivityInvoker$EmptyActivity }, activity=androidx.test.core.app.InstrumentationActivityInvoker$EmptyActivity@e7d6672
03-01 18:34:15.370 26754 26754 D LifecycleMonitor: callback completes: androidx.test.core.app.ActivityScenario$1@d89f3e2
03-01 18:34:15.420 26754 26754 D LifecycleMonitor: Lifecycle status change: com.example.dogglers.HorizontalListActivity@275fb05 in: STOPPED
03-01 18:34:15.421 26754 26754 D LifecycleMonitor: running callback: androidx.test.core.app.ActivityScenario$1@d89f3e2
03-01 18:34:15.421 26754 26754 V ActivityScenario: Activity lifecycle changed event received but ignored because the intent does not match. startActivityIntent=Intent { act=android.intent.action.MAIN cat=[android.intent.category.LAUNCHER] cmp=com.example.dogglers/.MainActivity }, activity.getIntent()=Intent { cmp=com.example.dogglers/.HorizontalListActivity }, activity=com.example.dogglers.HorizontalListActivity@275fb05
03-01 18:34:15.421 26754 26754 D LifecycleMonitor: callback completes: androidx.test.core.app.ActivityScenario$1@d89f3e2
03-01 18:34:15.492  1715  1715 D SurfaceFlinger: duplicate layer name: changing com.example.dogglers/androidx.test.core.app.InstrumentationActivityInvoker$EmptyActivity to com.example.dogglers/androidx.test.core.app.InstrumentationActivityInvoker$EmptyActivity#1
03-01 18:34:15.535  1620  1620 D gralloc_ranchu: gralloc_alloc: Creating ashmem region of size 9281536
03-01 18:34:15.554  1620  6639 D gralloc_ranchu: gralloc_alloc: Creating ashmem region of size 9281536
03-01 18:34:15.583  1620  1620 D gralloc_ranchu: gralloc_alloc: Creating ashmem region of size 9281536
03-01 18:34:15.615  2275  2275 I GoogleInputMethod: onFinishInput() : Dummy InputConnection bound
03-01 18:34:15.615  2275  2275 I GoogleInputMethod: onStartInput() : Dummy InputConnection bound
03-01 18:34:15.670 26754 26795 D EGL_emulation: eglMakeCurrent: 0xe7504300: ver 3 0 (tinfo 0xe75037f0)
03-01 18:34:15.722  2087 13676 I GnssLocationProvider: WakeLock acquired by sendMessage(REPORT_SV_STATUS, 0, com.android.server.location.GnssLocationProvider$SvStatusInfo@1508aa7)
03-01 18:34:15.739  2087  2119 I GnssLocationProvider: WakeLock released by handleMessage(REPORT_SV_STATUS, 0, com.android.server.location.GnssLocationProvider$SvStatusInfo@1508aa7)
03-01 18:34:15.831  2087  2132 I ActivityManager: Displayed com.example.dogglers/androidx.test.core.app.InstrumentationActivityInvoker$EmptyActivity: +708ms
03-01 18:34:15.916 26754 26754 D LifecycleMonitor: Lifecycle status change: androidx.test.core.app.InstrumentationActivityInvoker$EmptyActivity@e7d6672 in: PAUSED
03-01 18:34:15.916 26754 26754 D LifecycleMonitor: running callback: androidx.test.core.app.ActivityScenario$1@d89f3e2
03-01 18:34:15.917 26754 26754 V ActivityScenario: Activity lifecycle changed event received but ignored because the intent does not match. startActivityIntent=Intent { act=android.intent.action.MAIN cat=[android.intent.category.LAUNCHER] cmp=com.example.dogglers/.MainActivity }, activity.getIntent()=Intent { act=android.intent.action.MAIN cat=[android.intent.category.LAUNCHER] flg=0x10000000 cmp=com.example.dogglers/androidx.test.core.app.InstrumentationActivityInvoker$EmptyActivity }, activity=androidx.test.core.app.InstrumentationActivityInvoker$EmptyActivity@e7d6672
03-01 18:34:15.917 26754 26754 D LifecycleMonitor: callback completes: androidx.test.core.app.ActivityScenario$1@d89f3e2
03-01 18:34:15.992 26754 26754 D LifecycleMonitor: Lifecycle status change: com.example.dogglers.HorizontalListActivity@275fb05 in: RESTARTED
03-01 18:34:15.992 26754 26754 D LifecycleMonitor: running callback: androidx.test.core.app.ActivityScenario$1@d89f3e2
03-01 18:34:15.992 26754 26754 V ActivityScenario: Activity lifecycle changed event received but ignored because the intent does not match. startActivityIntent=Intent { act=android.intent.action.MAIN cat=[android.intent.category.LAUNCHER] cmp=com.example.dogglers/.MainActivity }, activity.getIntent()=Intent { cmp=com.example.dogglers/.HorizontalListActivity }, activity=com.example.dogglers.HorizontalListActivity@275fb05
03-01 18:34:15.992 26754 26754 D LifecycleMonitor: callback completes: androidx.test.core.app.ActivityScenario$1@d89f3e2
03-01 18:34:15.993 26754 26754 D LifecycleMonitor: Lifecycle status change: com.example.dogglers.HorizontalListActivity@275fb05 in: STARTED
03-01 18:34:15.994 26754 26754 D LifecycleMonitor: running callback: androidx.test.core.app.ActivityScenario$1@d89f3e2
03-01 18:34:15.994 26754 26754 V ActivityScenario: Activity lifecycle changed event received but ignored because the intent does not match. startActivityIntent=Intent { act=android.intent.action.MAIN cat=[android.intent.category.LAUNCHER] cmp=com.example.dogglers/.MainActivity }, activity.getIntent()=Intent { cmp=com.example.dogglers/.HorizontalListActivity }, activity=com.example.dogglers.HorizontalListActivity@275fb05
03-01 18:34:15.994 26754 26754 D LifecycleMonitor: callback completes: androidx.test.core.app.ActivityScenario$1@d89f3e2
03-01 18:34:15.998 26754 26754 D LifecycleMonitor: Lifecycle status change: com.example.dogglers.HorizontalListActivity@275fb05 in: RESUMED
03-01 18:34:15.998 26754 26754 D LifecycleMonitor: running callback: androidx.test.core.app.ActivityScenario$1@d89f3e2
03-01 18:34:15.999 26754 26754 V ActivityScenario: Activity lifecycle changed event received but ignored because the intent does not match. startActivityIntent=Intent { act=android.intent.action.MAIN cat=[android.intent.category.LAUNCHER] cmp=com.example.dogglers/.MainActivity }, activity.getIntent()=Intent { cmp=com.example.dogglers/.HorizontalListActivity }, activity=com.example.dogglers.HorizontalListActivity@275fb05
03-01 18:34:16.000 26754 26754 D LifecycleMonitor: callback completes: androidx.test.core.app.ActivityScenario$1@d89f3e2
03-01 18:34:16.020  1620  1620 D gralloc_ranchu: gralloc_alloc: Creating ashmem region of size 9850880
03-01 18:34:16.024  1620  6639 D gralloc_ranchu: gralloc_alloc: Creating ashmem region of size 9850880
03-01 18:34:16.025  1620  1863 D gralloc_ranchu: gralloc_alloc: Creating ashmem region of size 9850880
03-01 18:34:16.088 26754 26795 D EGL_emulation: eglMakeCurrent: 0xe7504300: ver 3 0 (tinfo 0xe75037f0)
03-01 18:34:16.134 10974 25324 I EventLogSendingHelper: Sending log events.
03-01 18:34:16.184  2087  5709 I GnssLocationProvider: WakeLock acquired by sendMessage(SET_REQUEST, 0, com.android.server.location.GnssLocationProvider$GpsRequest@3c73d3e)
03-01 18:34:16.217  2280  2280 W View    : requestLayout() improperly called by com.android.keyguard.AlphaOptimizedLinearLayout{217afcc V.E...... ......ID 7,0-52,61 #7f0a03b3 app:id/wifi_group} during layout: running second layout pass
03-01 18:34:16.230  2280  2669 D EGL_emulation: eglMakeCurrent: 0xe7504300: ver 3 0 (tinfo 0xe7503e60)
03-01 18:34:16.382  2087  2119 I GnssLocationProvider: WakeLock released by handleMessage(SET_REQUEST, 0, com.android.server.location.GnssLocationProvider$GpsRequest@3c73d3e)
03-01 18:34:16.397  3746 26806 I LogUtils: [Places]: ?: Couldn't find platform key file. [CONTEXT service_id=253 ]
03-01 18:34:16.422  2275  2275 I GoogleInputMethod: onFinishInput() : Dummy InputConnection bound
03-01 18:34:16.423  2275  2275 I GoogleInputMethod: onStartInput() : Dummy InputConnection bound
03-01 18:34:16.538  2280  2669 D EGL_emulation: eglMakeCurrent: 0xe7504300: ver 3 0 (tinfo 0xe7503e60)
03-01 18:34:16.580 26754 26790 I TestRunner: finished: clicking_horizontal_list_button_displays_horizontal_list(com.example.dogglers.ButtonTests)
