03-01 18:33:57.797 26754 26790 I TestRunner: started: grid_list_button_is_displayed(com.example.dogglers.ButtonTests)
03-01 18:33:57.842 26754 26790 W Settings: Setting always_finish_activities has moved from android.provider.Settings.System to android.provider.Settings.Global, returning read-only value.
03-01 18:33:58.136  2087  2120 W system_server: Long monitor contention with owner Binder:2087_A (3075) at int com.android.server.am.ActivityStarter.startActivityMayWait(android.app.IApplicationThread, int, java.lang.String, android.content.Intent, java.lang.String, android.service.voice.IVoiceInteractionSession, com.android.internal.app.IVoiceInteractor, android.os.IBinder, java.lang.String, int, int, android.app.ProfilerInfo, android.app.WaitResult, android.content.res.Configuration, com.android.server.am.SafeActivityOptions, boolean, int, com.android.server.am.TaskRecord, java.lang.String, boolean)(ActivityStarter.java:1023) waiters=0 in void com.android.server.am.TaskChangeNotificationController.forAllRemoteListeners(com.android.server.am.TaskChangeNotificationController$TaskStackConsumer, android.os.Message) for 264ms
03-01 18:33:58.229 26754 26754 W ActivityThread: handleWindowVisibility: no activity for token android.os.BinderProxy@b0fed52
03-01 18:33:58.308  1620  1620 D gralloc_ranchu: gralloc_alloc: Creating ashmem region of size 9281536
03-01 18:33:58.389 26754 26754 D LifecycleMonitor: Lifecycle status change: androidx.test.core.app.InstrumentationActivityInvoker$BootstrapActivity@c992ad9 in: PRE_ON_CREATE
03-01 18:33:58.393 26754 26754 D LifecycleMonitor: running callback: androidx.test.core.app.ActivityScenario$1@51b8c9e
03-01 18:33:58.395 26754 26754 V ActivityScenario: Activity lifecycle changed event received but ignored because the intent does not match. startActivityIntent=Intent { act=android.intent.action.MAIN cat=[android.intent.category.LAUNCHER] cmp=com.example.dogglers/.MainActivity }, activity.getIntent()=Intent { act=android.intent.action.MAIN cat=[android.intent.category.LAUNCHER] flg=0x10008000 cmp=com.example.dogglers/androidx.test.core.app.InstrumentationActivityInvoker$BootstrapActivity (has extras) }, activity=androidx.test.core.app.InstrumentationActivityInvoker$BootstrapActivity@c992ad9
03-01 18:33:58.395 26754 26754 D LifecycleMonitor: callback completes: androidx.test.core.app.ActivityScenario$1@51b8c9e
03-01 18:33:58.465  1620  1620 D gralloc_ranchu: gralloc_alloc: Creating ashmem region of size 9281536
03-01 18:33:58.566 26754 26754 D LifecycleMonitor: Lifecycle status change: androidx.test.core.app.InstrumentationActivityInvoker$BootstrapActivity@c992ad9 in: CREATED
03-01 18:33:58.567 26754 26754 D LifecycleMonitor: running callback: androidx.test.core.app.ActivityScenario$1@51b8c9e
03-01 18:33:58.569 26754 26754 V ActivityScenario: Activity lifecycle changed event received but ignored because the intent does not match. startActivityIntent=Intent { act=android.intent.action.MAIN cat=[android.intent.category.LAUNCHER] cmp=com.example.dogglers/.MainActivity }, activity.getIntent()=Intent { act=android.intent.action.MAIN cat=[android.intent.category.LAUNCHER] flg=0x10008000 cmp=com.example.dogglers/androidx.test.core.app.InstrumentationActivityInvoker$BootstrapActivity (has extras) }, activity=androidx.test.core.app.InstrumentationActivityInvoker$BootstrapActivity@c992ad9
03-01 18:33:58.569 26754 26754 D LifecycleMonitor: callback completes: androidx.test.core.app.ActivityScenario$1@51b8c9e
03-01 18:33:58.570 23570 23618 D EGL_emulation: eglMakeCurrent: 0xe4a27340: ver 3 0 (tinfo 0xe55727e0)
03-01 18:33:58.571  2280  2669 D EGL_emulation: eglMakeCurrent: 0xe7504300: ver 3 0 (tinfo 0xe7503e60)
03-01 18:33:58.610 10974 11063 D EGL_emulation: eglMakeCurrent: 0xe75048a0: ver 3 0 (tinfo 0xe7503830)
03-01 18:33:58.643  2087  3871 I GnssLocationProvider: WakeLock acquired by sendMessage(REPORT_SV_STATUS, 0, com.android.server.location.GnssLocationProvider$SvStatusInfo@942bd8d)
03-01 18:33:58.685  2087  2119 I GnssLocationProvider: WakeLock released by handleMessage(REPORT_SV_STATUS, 0, com.android.server.location.GnssLocationProvider$SvStatusInfo@942bd8d)
03-01 18:33:58.830 26754 26754 D LifecycleMonitor: Lifecycle status change: androidx.test.core.app.InstrumentationActivityInvoker$BootstrapActivity@c992ad9 in: STARTED
03-01 18:33:58.830 26754 26754 D LifecycleMonitor: running callback: androidx.test.core.app.ActivityScenario$1@51b8c9e
03-01 18:33:58.831 26754 26754 V ActivityScenario: Activity lifecycle changed event received but ignored because the intent does not match. startActivityIntent=Intent { act=android.intent.action.MAIN cat=[android.intent.category.LAUNCHER] cmp=com.example.dogglers/.MainActivity }, activity.getIntent()=Intent { act=android.intent.action.MAIN cat=[android.intent.category.LAUNCHER] flg=0x10008000 cmp=com.example.dogglers/androidx.test.core.app.InstrumentationActivityInvoker$BootstrapActivity (has extras) }, activity=androidx.test.core.app.InstrumentationActivityInvoker$BootstrapActivity@c992ad9
03-01 18:33:58.832 26754 26754 D LifecycleMonitor: callback completes: androidx.test.core.app.ActivityScenario$1@51b8c9e
03-01 18:33:58.850 26754 26754 D LifecycleMonitor: Lifecycle status change: androidx.test.core.app.InstrumentationActivityInvoker$BootstrapActivity@c992ad9 in: RESUMED
03-01 18:33:58.851 26754 26754 D LifecycleMonitor: running callback: androidx.test.core.app.ActivityScenario$1@51b8c9e
03-01 18:33:58.852 26754 26754 V ActivityScenario: Activity lifecycle changed event received but ignored because the intent does not match. startActivityIntent=Intent { act=android.intent.action.MAIN cat=[android.intent.category.LAUNCHER] cmp=com.example.dogglers/.MainActivity }, activity.getIntent()=Intent { act=android.intent.action.MAIN cat=[android.intent.category.LAUNCHER] flg=0x10008000 cmp=com.example.dogglers/androidx.test.core.app.InstrumentationActivityInvoker$BootstrapActivity (has extras) }, activity=androidx.test.core.app.InstrumentationActivityInvoker$BootstrapActivity@c992ad9
03-01 18:33:58.852 26754 26754 D LifecycleMonitor: callback completes: androidx.test.core.app.ActivityScenario$1@51b8c9e
03-01 18:33:58.857 26754 26754 D LifecycleMonitor: Lifecycle status change: androidx.test.core.app.InstrumentationActivityInvoker$BootstrapActivity@c992ad9 in: PAUSED
03-01 18:33:58.857 26754 26754 D LifecycleMonitor: running callback: androidx.test.core.app.ActivityScenario$1@51b8c9e
03-01 18:33:58.858 26754 26754 V ActivityScenario: Activity lifecycle changed event received but ignored because the intent does not match. startActivityIntent=Intent { act=android.intent.action.MAIN cat=[android.intent.category.LAUNCHER] cmp=com.example.dogglers/.MainActivity }, activity.getIntent()=Intent { act=android.intent.action.MAIN cat=[android.intent.category.LAUNCHER] flg=0x10008000 cmp=com.example.dogglers/androidx.test.core.app.InstrumentationActivityInvoker$BootstrapActivity (has extras) }, activity=androidx.test.core.app.InstrumentationActivityInvoker$BootstrapActivity@c992ad9
03-01 18:33:58.858 26754 26754 D LifecycleMonitor: callback completes: androidx.test.core.app.ActivityScenario$1@51b8c9e
03-01 18:33:58.964 26754 26754 W ActivityThread: handleWindowVisibility: no activity for token android.os.BinderProxy@d845c11
03-01 18:33:59.317 26754 26754 D LifecycleMonitor: Lifecycle status change: com.example.dogglers.MainActivity@4c27013 in: PRE_ON_CREATE
03-01 18:33:59.318 26754 26754 D LifecycleMonitor: running callback: androidx.test.core.app.ActivityScenario$1@51b8c9e
03-01 18:33:59.319 26754 26754 V ActivityScenario: Activity lifecycle changed event received but ignored because the reported transition was not ON_CREATE while the last known transition was PRE_ON_CREATE
03-01 18:33:59.319 26754 26754 D LifecycleMonitor: callback completes: androidx.test.core.app.ActivityScenario$1@51b8c9e
03-01 18:33:59.348 26754 26754 W xample.doggler: Accessing hidden method Landroid/graphics/drawable/Drawable;->getOpticalInsets()Landroid/graphics/Insets; (light greylist, linking)
03-01 18:33:59.348 26754 26754 W xample.doggler: Accessing hidden field Landroid/graphics/Insets;->left:I (light greylist, linking)
03-01 18:33:59.348 26754 26754 W xample.doggler: Accessing hidden field Landroid/graphics/Insets;->right:I (light greylist, linking)
03-01 18:33:59.348 26754 26754 W xample.doggler: Accessing hidden field Landroid/graphics/Insets;->top:I (light greylist, linking)
03-01 18:33:59.348 26754 26754 W xample.doggler: Accessing hidden field Landroid/graphics/Insets;->bottom:I (light greylist, linking)
03-01 18:33:59.648  2087  3871 I GnssLocationProvider: WakeLock acquired by sendMessage(REPORT_SV_STATUS, 0, com.android.server.location.GnssLocationProvider$SvStatusInfo@e147cc1)
03-01 18:33:59.650  2087  2119 I GnssLocationProvider: WakeLock released by handleMessage(REPORT_SV_STATUS, 0, com.android.server.location.GnssLocationProvider$SvStatusInfo@e147cc1)
03-01 18:33:59.967 26754 26766 I xample.doggler: Background concurrent copying GC freed 15720(2MB) AllocSpace objects, 1(20KB) LOS objects, 49% free, 1542KB/3MB, paused 14.896ms total 451.466ms
03-01 18:34:00.035 26754 26754 W xample.doggler: Accessing hidden method Landroid/view/View;->getAccessibilityDelegate()Landroid/view/View$AccessibilityDelegate; (light greylist, linking)
03-01 18:34:00.198  2280  2669 D EGL_emulation: eglMakeCurrent: 0xe7504300: ver 3 0 (tinfo 0xe7503e60)
03-01 18:34:00.421 26754 26754 W xample.doggler: Accessing hidden field Landroid/view/WindowInsets;->CONSUMED:Landroid/view/WindowInsets; (light greylist, reflection)
03-01 18:34:00.497 26754 26754 W xample.doggler: Accessing hidden method Landroid/view/View;->computeFitSystemWindows(Landroid/graphics/Rect;Landroid/graphics/Rect;)Z (light greylist, reflection)
03-01 18:34:00.498 26754 26754 W xample.doggler: Accessing hidden method Landroid/view/ViewGroup;->makeOptionalFitsSystemWindows()V (light greylist, reflection)
03-01 18:34:00.520 26754 26754 D LifecycleMonitor: Lifecycle status change: com.example.dogglers.MainActivity@4c27013 in: CREATED
03-01 18:34:00.520 26754 26754 D LifecycleMonitor: running callback: androidx.test.core.app.ActivityScenario$1@51b8c9e
03-01 18:34:00.521 26754 26754 V ActivityScenario: Update currentActivityStage to CREATED, currentActivity=com.example.dogglers.MainActivity@4c27013
03-01 18:34:00.521 26754 26754 D LifecycleMonitor: callback completes: androidx.test.core.app.ActivityScenario$1@51b8c9e
03-01 18:34:00.532 26754 26754 D LifecycleMonitor: Lifecycle status change: com.example.dogglers.MainActivity@4c27013 in: STARTED
03-01 18:34:00.532 26754 26754 D LifecycleMonitor: running callback: androidx.test.core.app.ActivityScenario$1@51b8c9e
03-01 18:34:00.532 26754 26754 V ActivityScenario: Update currentActivityStage to STARTED, currentActivity=com.example.dogglers.MainActivity@4c27013
03-01 18:34:00.533 26754 26754 D LifecycleMonitor: callback completes: androidx.test.core.app.ActivityScenario$1@51b8c9e
03-01 18:34:00.537 26754 26754 D LifecycleMonitor: Lifecycle status change: com.example.dogglers.MainActivity@4c27013 in: RESUMED
03-01 18:34:00.538 26754 26754 D LifecycleMonitor: running callback: androidx.test.core.app.ActivityScenario$1@51b8c9e
03-01 18:34:00.538 26754 26754 V ActivityScenario: Update currentActivityStage to RESUMED, currentActivity=com.example.dogglers.MainActivity@4c27013
03-01 18:34:00.552 26754 26754 D LifecycleMonitor: callback completes: androidx.test.core.app.ActivityScenario$1@51b8c9e
03-01 18:34:00.576 26754 26754 D OpenGLRenderer: Skia GL Pipeline
03-01 18:34:00.593  1715  2042 E SurfaceFlinger: ro.sf.lcd_density must be defined as a build property
03-01 18:34:00.619 26754 26790 D EventInjectionStrategy: Creating injection strategy with input manager.
03-01 18:34:00.619 26754 26790 W xample.doggler: Accessing hidden method Landroid/hardware/input/InputManager;->getInstance()Landroid/hardware/input/InputManager; (light greylist, reflection)
03-01 18:34:00.619 26754 26790 W xample.doggler: Accessing hidden method Landroid/hardware/input/InputManager;->injectInputEvent(Landroid/view/InputEvent;I)Z (light greylist, reflection)
03-01 18:34:00.620 26754 26790 W xample.doggler: Accessing hidden field Landroid/hardware/input/InputManager;->INJECT_INPUT_EVENT_MODE_WAIT_FOR_FINISH:I (light greylist, reflection)
03-01 18:34:00.664  2087  3871 I GnssLocationProvider: WakeLock acquired by sendMessage(REPORT_SV_STATUS, 0, com.android.server.location.GnssLocationProvider$SvStatusInfo@34e0b43)
03-01 18:34:00.675  2087  2119 I GnssLocationProvider: WakeLock released by handleMessage(REPORT_SV_STATUS, 0, com.android.server.location.GnssLocationProvider$SvStatusInfo@34e0b43)
03-01 18:34:00.728 26754 26754 W xample.doggler: Accessing hidden method Landroid/graphics/Insets;->of(IIII)Landroid/graphics/Insets; (light greylist, linking)
03-01 18:34:00.761 26754 26795 D HostConnection: HostConnection::get() New Host Connection established 0xe7522230, tid 26795
03-01 18:34:00.764  1620  1620 D gralloc_ranchu: gralloc_alloc: Creating ashmem region of size 9850880
03-01 18:34:00.767 26754 26795 D HostConnection: HostComposition ext ANDROID_EMU_CHECKSUM_HELPER_v1 ANDROID_EMU_dma_v1 ANDROID_EMU_YUV420_888_to_NV21 ANDROID_EMU_YUV_Cache ANDROID_EMU_sync_buffer_data GL_OES_EGL_image_external_essl3 GL_OES_vertex_array_object GL_KHR_texture_compression_astc_ldr ANDROID_EMU_host_side_tracing ANDROID_EMU_gles_max_version_3_0
03-01 18:34:00.768  1620  6639 D gralloc_ranchu: gralloc_alloc: Creating ashmem region of size 9850880
03-01 18:34:00.770  1620  1620 D gralloc_ranchu: gralloc_alloc: Creating ashmem region of size 9850880
03-01 18:34:00.782 26754 26795 I ConfigStore: android::hardware::configstore::V1_0::ISurfaceFlingerConfigs::hasWideColorDisplay retrieved: 0
03-01 18:34:00.782 26754 26795 I ConfigStore: android::hardware::configstore::V1_0::ISurfaceFlingerConfigs::hasHDRDisplay retrieved: 0
03-01 18:34:00.782 26754 26795 I OpenGLRenderer: Initialized EGL, version 1.4
03-01 18:34:00.783 26754 26795 D OpenGLRenderer: Swap behavior 1
03-01 18:34:00.799 26754 26795 D eglCodecCommon: setVertexArrayObject: set vao to 0 (0) 0 0
03-01 18:34:00.799 26754 26795 D EGL_emulation: eglCreateContext: 0xe7504300: maj 3 min 0 rcv 3
03-01 18:34:00.835 26754 26795 D EGL_emulation: eglMakeCurrent: 0xe7504300: ver 3 0 (tinfo 0xe75037f0)
03-01 18:34:00.879  1715  1806 E SurfaceFlinger: ro.sf.lcd_density must be defined as a build property
03-01 18:34:00.912 26754 26795 D HostConnection: createUnique: call
03-01 18:34:00.912 26754 26795 D HostConnection: HostConnection::get() New Host Connection established 0xe75224b0, tid 26795
03-01 18:34:00.921 26754 26795 D HostConnection: HostComposition ext ANDROID_EMU_CHECKSUM_HELPER_v1 ANDROID_EMU_dma_v1 ANDROID_EMU_YUV420_888_to_NV21 ANDROID_EMU_YUV_Cache ANDROID_EMU_sync_buffer_data GL_OES_EGL_image_external_essl3 GL_OES_vertex_array_object GL_KHR_texture_compression_astc_ldr ANDROID_EMU_host_side_tracing ANDROID_EMU_gles_max_version_3_0
03-01 18:34:00.921 26754 26795 E eglCodecCommon: GoldfishAddressSpaceHostMemoryAllocator: ioctl_ping failed for device_type=5, ret=-1
03-01 18:34:00.979 26754 26795 D EGL_emulation: eglMakeCurrent: 0xe7504300: ver 3 0 (tinfo 0xe75037f0)
03-01 18:34:00.986 26754 26795 D eglCodecCommon: setVertexArrayObject: set vao to 0 (0) 3 2
03-01 18:34:01.527 26754 26795 I OpenGLRenderer: Davey! duration=871ms; Flags=0, IntendedVsync=57980705951026, Vsync=57980955951016, OldestInputEvent=9223372036854775807, NewestInputEvent=0, HandleInputStart=57980960150940, AnimationStart=57980960359340, PerformTraversalsStart=57980961211140, DrawStart=57980976848440, SyncQueued=57981029828140, SyncStart=57981031118540, IssueDrawCommandsStart=57981031281740, SwapBuffers=57981366746240, FrameCompleted=57981578274440, DequeueBufferDuration=394000, QueueBufferDuration=965000,
03-01 18:34:01.596  2087  2132 I ActivityManager: Displayed com.example.dogglers/.MainActivity: +2s691ms (total +3s359ms)
03-01 18:34:01.611  2275  2275 I GoogleInputMethod: onFinishInput() : Dummy InputConnection bound
03-01 18:34:01.612  2275  2275 I GoogleInputMethod: onStartInput() : Dummy InputConnection bound
03-01 18:34:01.630 26754 26754 I Choreographer: Skipped 41 frames!  The application may be doing too much work on its main thread.
03-01 18:34:01.654  2087  3871 I GnssLocationProvider: WakeLock acquired by sendMessage(REPORT_SV_STATUS, 0, com.android.server.location.GnssLocationProvider$SvStatusInfo@bd39fbb)
03-01 18:34:01.726 26754 26754 D IdlingResourceRegistry: All idling resources are idle.
03-01 18:34:01.755  2087  2119 I GnssLocationProvider: WakeLock released by handleMessage(REPORT_SV_STATUS, 0, com.android.server.location.GnssLocationProvider$SvStatusInfo@bd39fbb)
03-01 18:34:01.774 26754 26795 I OpenGLRenderer: Davey! duration=818ms; Flags=0, IntendedVsync=57980988437626, Vsync=57981671770932, OldestInputEvent=9223372036854775807, NewestInputEvent=0, HandleInputStart=57981681997640, AnimationStart=57981682099640, PerformTraversalsStart=57981683072640, DrawStart=57981683488740, SyncQueued=57981686122140, SyncStart=57981705182040, IssueDrawCommandsStart=57981706605240, SwapBuffers=57981707422140, FrameCompleted=57981825731740, DequeueBufferDuration=110000, QueueBufferDuration=909000,
03-01 18:34:01.785 26754 26754 W xample.doggler: Accessing hidden method Landroid/os/MessageQueue;->next()Landroid/os/Message; (light greylist, reflection)
03-01 18:34:01.785 26754 26754 W xample.doggler: Accessing hidden field Landroid/os/MessageQueue;->mMessages:Landroid/os/Message; (light greylist, reflection)
03-01 18:34:01.785 26754 26754 W xample.doggler: Accessing hidden method Landroid/os/Message;->recycleUnchecked()V (light greylist, reflection)
03-01 18:34:01.785 26754 26754 D IdlingResourceRegistry: All idling resources are idle.
03-01 18:34:01.839  2087  2132 W system_server: Long monitor contention with owner android.anim (2183) at void com.android.server.wm.WindowManagerService.removeWindow(com.android.server.wm.Session, android.view.IWindow)(WindowManagerService.java:1641) waiters=0 in void com.android.server.wm.WindowManagerService$H.handleMessage(android.os.Message) for 171ms
03-01 18:34:01.842 26754 26754 W xample.doggler: Accessing hidden method Landroid/view/WindowManagerGlobal;->getInstance()Landroid/view/WindowManagerGlobal; (light greylist, reflection)
03-01 18:34:01.842 26754 26754 W xample.doggler: Accessing hidden field Landroid/view/WindowManagerGlobal;->mViews:Ljava/util/ArrayList; (light greylist, reflection)
03-01 18:34:01.843 26754 26754 W xample.doggler: Accessing hidden field Landroid/view/WindowManagerGlobal;->mParams:Ljava/util/ArrayList; (light greylist, reflection)
03-01 18:34:01.906 26754 26754 I ViewInteraction: Checking 'MatchesViewAssertion{viewMatcher=is displayed on the screen to the user}' assertion on view with id is <com.example.dogglers:id/grid_btn>
03-01 18:34:01.911 26754 26754 D LifecycleMonitor: Lifecycle status change: androidx.test.core.app.InstrumentationActivityInvoker$BootstrapActivity@c992ad9 in: STOPPED
03-01 18:34:01.912 26754 26754 D LifecycleMonitor: running callback: androidx.test.core.app.ActivityScenario$1@51b8c9e
03-01 18:34:01.913 26754 26754 V ActivityScenario: Activity lifecycle changed event received but ignored because the intent does not match. startActivityIntent=Intent { act=android.intent.action.MAIN cat=[android.intent.category.LAUNCHER] cmp=com.example.dogglers/.MainActivity }, activity.getIntent()=Intent { act=android.intent.action.MAIN cat=[android.intent.category.LAUNCHER] flg=0x10008000 cmp=com.example.dogglers/androidx.test.core.app.InstrumentationActivityInvoker$BootstrapActivity (has extras) }, activity=androidx.test.core.app.InstrumentationActivityInvoker$BootstrapActivity@c992ad9
03-01 18:34:01.914 26754 26754 D LifecycleMonitor: callback completes: androidx.test.core.app.ActivityScenario$1@51b8c9e
03-01 18:34:02.001  1715  1715 W SurfaceFlinger: couldn't log to binary event log: overflow.
03-01 18:34:02.002  1715  1715 W SurfaceFlinger: couldn't log to binary event log: overflow.
03-01 18:34:02.072 26754 26754 D LifecycleMonitor: Lifecycle status change: com.example.dogglers.MainActivity@4c27013 in: PAUSED
03-01 18:34:02.072 26754 26754 D LifecycleMonitor: running callback: androidx.test.core.app.ActivityScenario$1@51b8c9e
03-01 18:34:02.073 26754 26754 V ActivityScenario: Update currentActivityStage to PAUSED, currentActivity=com.example.dogglers.MainActivity@4c27013
03-01 18:34:02.073 26754 26754 D LifecycleMonitor: callback completes: androidx.test.core.app.ActivityScenario$1@51b8c9e
03-01 18:34:02.093  2280  2669 D EGL_emulation: eglMakeCurrent: 0xe7504300: ver 3 0 (tinfo 0xe7503e60)
03-01 18:34:02.103 10974 10974 I StreamRenderer: cleanUpRendererScope(nowcards--1733312158574029636)
03-01 18:34:02.139 26754 26754 W ActivityThread: handleWindowVisibility: no activity for token android.os.BinderProxy@87d6bd0
03-01 18:34:02.154 26754 26754 D LifecycleMonitor: Lifecycle status change: androidx.test.core.app.InstrumentationActivityInvoker$EmptyActivity@76e21ef in: PRE_ON_CREATE
03-01 18:34:02.154 26754 26754 D LifecycleMonitor: running callback: androidx.test.core.app.ActivityScenario$1@51b8c9e
03-01 18:34:02.155 26754 26754 V ActivityScenario: Activity lifecycle changed event received but ignored because the intent does not match. startActivityIntent=Intent { act=android.intent.action.MAIN cat=[android.intent.category.LAUNCHER] cmp=com.example.dogglers/.MainActivity }, activity.getIntent()=Intent { act=android.intent.action.MAIN cat=[android.intent.category.LAUNCHER] flg=0x10000000 cmp=com.example.dogglers/androidx.test.core.app.InstrumentationActivityInvoker$EmptyActivity }, activity=androidx.test.core.app.InstrumentationActivityInvoker$EmptyActivity@76e21ef
03-01 18:34:02.156 26754 26754 D LifecycleMonitor: callback completes: androidx.test.core.app.ActivityScenario$1@51b8c9e
03-01 18:34:02.174 26754 26754 D LifecycleMonitor: Lifecycle status change: androidx.test.core.app.InstrumentationActivityInvoker$EmptyActivity@76e21ef in: CREATED
03-01 18:34:02.174 26754 26754 D LifecycleMonitor: running callback: androidx.test.core.app.ActivityScenario$1@51b8c9e
03-01 18:34:02.175 26754 26754 V ActivityScenario: Activity lifecycle changed event received but ignored because the intent does not match. startActivityIntent=Intent { act=android.intent.action.MAIN cat=[android.intent.category.LAUNCHER] cmp=com.example.dogglers/.MainActivity }, activity.getIntent()=Intent { act=android.intent.action.MAIN cat=[android.intent.category.LAUNCHER] flg=0x10000000 cmp=com.example.dogglers/androidx.test.core.app.InstrumentationActivityInvoker$EmptyActivity }, activity=androidx.test.core.app.InstrumentationActivityInvoker$EmptyActivity@76e21ef
03-01 18:34:02.175 26754 26754 D LifecycleMonitor: callback completes: androidx.test.core.app.ActivityScenario$1@51b8c9e
03-01 18:34:02.176 10974 10974 W SearchService: Abort, client detached.
03-01 18:34:02.177 10974 10974 I StreamController: cleanUpControllerScope(nowcards--1733312158574029636)
03-01 18:34:02.203 26754 26754 D LifecycleMonitor: Lifecycle status change: androidx.test.core.app.InstrumentationActivityInvoker$EmptyActivity@76e21ef in: STARTED
03-01 18:34:02.203 26754 26754 D LifecycleMonitor: running callback: androidx.test.core.app.ActivityScenario$1@51b8c9e
03-01 18:34:02.205 26754 26754 V ActivityScenario: Activity lifecycle changed event received but ignored because the intent does not match. startActivityIntent=Intent { act=android.intent.action.MAIN cat=[android.intent.category.LAUNCHER] cmp=com.example.dogglers/.MainActivity }, activity.getIntent()=Intent { act=android.intent.action.MAIN cat=[android.intent.category.LAUNCHER] flg=0x10000000 cmp=com.example.dogglers/androidx.test.core.app.InstrumentationActivityInvoker$EmptyActivity }, activity=androidx.test.core.app.InstrumentationActivityInvoker$EmptyActivity@76e21ef
03-01 18:34:02.205 26754 26754 D LifecycleMonitor: callback completes: androidx.test.core.app.ActivityScenario$1@51b8c9e
03-01 18:34:02.212 26754 26754 D LifecycleMonitor: Lifecycle status change: androidx.test.core.app.InstrumentationActivityInvoker$EmptyActivity@76e21ef in: RESUMED
03-01 18:34:02.212 26754 26754 D LifecycleMonitor: running callback: androidx.test.core.app.ActivityScenario$1@51b8c9e
03-01 18:34:02.213 26754 26754 V ActivityScenario: Activity lifecycle changed event received but ignored because the intent does not match. startActivityIntent=Intent { act=android.intent.action.MAIN cat=[android.intent.category.LAUNCHER] cmp=com.example.dogglers/.MainActivity }, activity.getIntent()=Intent { act=android.intent.action.MAIN cat=[android.intent.category.LAUNCHER] flg=0x10000000 cmp=com.example.dogglers/androidx.test.core.app.InstrumentationActivityInvoker$EmptyActivity }, activity=androidx.test.core.app.InstrumentationActivityInvoker$EmptyActivity@76e21ef
03-01 18:34:02.213 26754 26754 D LifecycleMonitor: callback completes: androidx.test.core.app.ActivityScenario$1@51b8c9e
03-01 18:34:02.295 10974 10974 I WorkController: Work is not performed because WorkController is disposed
03-01 18:34:02.392  1620  1620 D gralloc_ranchu: gralloc_alloc: Creating ashmem region of size 9281536
03-01 18:34:02.393  1620  6639 D gralloc_ranchu: gralloc_alloc: Creating ashmem region of size 9281536
03-01 18:34:02.396  1620  6639 D gralloc_ranchu: gralloc_alloc: Creating ashmem region of size 9281536
03-01 18:34:02.525  2275  2275 I GoogleInputMethod: onFinishInput() : Dummy InputConnection bound
03-01 18:34:02.525  2275  2275 I GoogleInputMethod: onStartInput() : Dummy InputConnection bound
03-01 18:34:02.533 26754 26795 D EGL_emulation: eglMakeCurrent: 0xe7504300: ver 3 0 (tinfo 0xe75037f0)
03-01 18:34:02.651  2087  3871 I GnssLocationProvider: WakeLock acquired by sendMessage(REPORT_SV_STATUS, 0, com.android.server.location.GnssLocationProvider$SvStatusInfo@bfaf738)
03-01 18:34:02.687  2087  2119 I GnssLocationProvider: WakeLock released by handleMessage(REPORT_SV_STATUS, 0, com.android.server.location.GnssLocationProvider$SvStatusInfo@bfaf738)
03-01 18:34:02.690 10974 25751 I WorkController: WorkProxy is not enqueued because WorkController is disposed: WorkProxy{Name=context::j, WorkerId=context, id=1fa47b9}
03-01 18:34:02.691 10974 25751 I WorkController: WorkProxy is not enqueued because WorkController is disposed: WorkProxy{Name=context::m, WorkerId=context, id=b8117fe}
03-01 18:34:02.691 10974 25751 I WorkController: WorkProxy is not enqueued because WorkController is disposed: WorkProxy{Name=context::n, WorkerId=context, id=7bacb5f}
03-01 18:34:02.691 10974 25751 I WorkController: WorkProxy is not enqueued because WorkController is disposed: WorkProxy{Name=context::p, WorkerId=context, id=ef9b9ac}
03-01 18:34:02.775  3746 26577 I LogUtils: [Places]: ?: Couldn't find platform key file. [CONTEXT service_id=253 ]
03-01 18:34:02.796  3746 25976 I LogUtils: [Places]: ?: Couldn't find platform key file. [CONTEXT service_id=253 ]
03-01 18:34:03.271  3746 23655 I LogUtils: [Places]: ?: PlacesBleScanner stop() [CONTEXT service_id=253 ]
03-01 18:34:03.273  3746  3746 I BeaconBle: Scan : No clients left, canceling alarm. [CONTEXT service_id=111 ]
03-01 18:34:03.273  3746  3746 I BeaconBle: Scan canceled successfully. [CONTEXT service_id=111 ]
03-01 18:34:03.314 26754 26754 D LifecycleMonitor: Lifecycle status change: androidx.test.core.app.InstrumentationActivityInvoker$EmptyActivity@76e21ef in: PAUSED
03-01 18:34:03.315 26754 26754 D LifecycleMonitor: running callback: androidx.test.core.app.ActivityScenario$1@51b8c9e
03-01 18:34:03.316 26754 26754 V ActivityScenario: Activity lifecycle changed event received but ignored because the intent does not match. startActivityIntent=Intent { act=android.intent.action.MAIN cat=[android.intent.category.LAUNCHER] cmp=com.example.dogglers/.MainActivity }, activity.getIntent()=Intent { act=android.intent.action.MAIN cat=[android.intent.category.LAUNCHER] flg=0x10000000 cmp=com.example.dogglers/androidx.test.core.app.InstrumentationActivityInvoker$EmptyActivity }, activity=androidx.test.core.app.InstrumentationActivityInvoker$EmptyActivity@76e21ef
03-01 18:34:03.316 26754 26754 D LifecycleMonitor: callback completes: androidx.test.core.app.ActivityScenario$1@51b8c9e
03-01 18:34:03.324 26754 26754 W ActivityThread: handleWindowVisibility: no activity for token android.os.BinderProxy@8c2e4e8
03-01 18:34:03.342  3746 23655 I PlacesLogger: [PlaceInferenceEngine]: [anon] Changed inference mode: 1 [CONTEXT service_id=253 ]
03-01 18:34:03.343  3746 23655 I PlacesLogger: [PlaceInferenceEngine]: [account#-29786098] Changed inference mode: 1 [CONTEXT service_id=253 ]
03-01 18:34:03.414 26754 26754 D LifecycleMonitor: Lifecycle status change: androidx.test.core.app.InstrumentationActivityInvoker$EmptyActivity@44f89a6 in: PRE_ON_CREATE
03-01 18:34:03.414 26754 26754 D LifecycleMonitor: running callback: androidx.test.core.app.ActivityScenario$1@51b8c9e
03-01 18:34:03.415 26754 26754 V ActivityScenario: Activity lifecycle changed event received but ignored because the intent does not match. startActivityIntent=Intent { act=android.intent.action.MAIN cat=[android.intent.category.LAUNCHER] cmp=com.example.dogglers/.MainActivity }, activity.getIntent()=Intent { act=android.intent.action.MAIN cat=[android.intent.category.LAUNCHER] flg=0x10000000 cmp=com.example.dogglers/androidx.test.core.app.InstrumentationActivityInvoker$EmptyActivity }, activity=androidx.test.core.app.InstrumentationActivityInvoker$EmptyActivity@44f89a6
03-01 18:34:03.415 26754 26754 D LifecycleMonitor: callback completes: androidx.test.core.app.ActivityScenario$1@51b8c9e
03-01 18:34:03.416  3746 23655 I PlacesLogger: [PlaceInferenceEngine]: [anon] Changed inference mode: 1 [CONTEXT service_id=253 ]
03-01 18:34:03.416  3746 23655 I PlacesLogger: [PlaceInferenceEngine]: [account#-29786098] Changed inference mode: 1 [CONTEXT service_id=253 ]
03-01 18:34:03.431 26754 26754 D LifecycleMonitor: Lifecycle status change: androidx.test.core.app.InstrumentationActivityInvoker$EmptyActivity@44f89a6 in: CREATED
03-01 18:34:03.431 26754 26754 D LifecycleMonitor: running callback: androidx.test.core.app.ActivityScenario$1@51b8c9e
03-01 18:34:03.436 26754 26754 V ActivityScenario: Activity lifecycle changed event received but ignored because the intent does not match. startActivityIntent=Intent { act=android.intent.action.MAIN cat=[android.intent.category.LAUNCHER] cmp=com.example.dogglers/.MainActivity }, activity.getIntent()=Intent { act=android.intent.action.MAIN cat=[android.intent.category.LAUNCHER] flg=0x10000000 cmp=com.example.dogglers/androidx.test.core.app.InstrumentationActivityInvoker$EmptyActivity }, activity=androidx.test.core.app.InstrumentationActivityInvoker$EmptyActivity@44f89a6
03-01 18:34:03.436 26754 26754 D LifecycleMonitor: callback completes: androidx.test.core.app.ActivityScenario$1@51b8c9e
03-01 18:34:03.449 26754 26754 D LifecycleMonitor: Lifecycle status change: androidx.test.core.app.InstrumentationActivityInvoker$EmptyActivity@44f89a6 in: STARTED
03-01 18:34:03.449 26754 26754 D LifecycleMonitor: running callback: androidx.test.core.app.ActivityScenario$1@51b8c9e
03-01 18:34:03.452 26754 26754 V ActivityScenario: Activity lifecycle changed event received but ignored because the intent does not match. startActivityIntent=Intent { act=android.intent.action.MAIN cat=[android.intent.category.LAUNCHER] cmp=com.example.dogglers/.MainActivity }, activity.getIntent()=Intent { act=android.intent.action.MAIN cat=[android.intent.category.LAUNCHER] flg=0x10000000 cmp=com.example.dogglers/androidx.test.core.app.InstrumentationActivityInvoker$EmptyActivity }, activity=androidx.test.core.app.InstrumentationActivityInvoker$EmptyActivity@44f89a6
03-01 18:34:03.453 26754 26754 D LifecycleMonitor: callback completes: androidx.test.core.app.ActivityScenario$1@51b8c9e
03-01 18:34:03.457 26754 26754 D LifecycleMonitor: Lifecycle status change: androidx.test.core.app.InstrumentationActivityInvoker$EmptyActivity@44f89a6 in: RESUMED
03-01 18:34:03.457 26754 26754 D LifecycleMonitor: running callback: androidx.test.core.app.ActivityScenario$1@51b8c9e
03-01 18:34:03.458 26754 26754 V ActivityScenario: Activity lifecycle changed event received but ignored because the intent does not match. startActivityIntent=Intent { act=android.intent.action.MAIN cat=[android.intent.category.LAUNCHER] cmp=com.example.dogglers/.MainActivity }, activity.getIntent()=Intent { act=android.intent.action.MAIN cat=[android.intent.category.LAUNCHER] flg=0x10000000 cmp=com.example.dogglers/androidx.test.core.app.InstrumentationActivityInvoker$EmptyActivity }, activity=androidx.test.core.app.InstrumentationActivityInvoker$EmptyActivity@44f89a6
03-01 18:34:03.458 26754 26754 D LifecycleMonitor: callback completes: androidx.test.core.app.ActivityScenario$1@51b8c9e
03-01 18:34:03.514 26754 26754 D LifecycleMonitor: Lifecycle status change: androidx.test.core.app.InstrumentationActivityInvoker$BootstrapActivity@c992ad9 in: DESTROYED
03-01 18:34:03.514 26754 26754 D LifecycleMonitor: running callback: androidx.test.core.app.ActivityScenario$1@51b8c9e
03-01 18:34:03.515 26754 26754 V ActivityScenario: Activity lifecycle changed event received but ignored because the intent does not match. startActivityIntent=Intent { act=android.intent.action.MAIN cat=[android.intent.category.LAUNCHER] cmp=com.example.dogglers/.MainActivity }, activity.getIntent()=Intent { act=android.intent.action.MAIN cat=[android.intent.category.LAUNCHER] flg=0x10008000 cmp=com.example.dogglers/androidx.test.core.app.InstrumentationActivityInvoker$BootstrapActivity (has extras) }, activity=androidx.test.core.app.InstrumentationActivityInvoker$BootstrapActivity@c992ad9
03-01 18:34:03.515 26754 26754 D LifecycleMonitor: callback completes: androidx.test.core.app.ActivityScenario$1@51b8c9e
03-01 18:34:03.614  1715  1715 D SurfaceFlinger: duplicate layer name: changing com.example.dogglers/androidx.test.core.app.InstrumentationActivityInvoker$EmptyActivity to com.example.dogglers/androidx.test.core.app.InstrumentationActivityInvoker$EmptyActivity#1
03-01 18:34:03.637  1620  6639 D gralloc_ranchu: gralloc_alloc: Creating ashmem region of size 9281536
03-01 18:34:03.652  2087  3871 I GnssLocationProvider: WakeLock acquired by sendMessage(REPORT_SV_STATUS, 0, com.android.server.location.GnssLocationProvider$SvStatusInfo@70c96ac)
03-01 18:34:03.656  2087  2119 I GnssLocationProvider: WakeLock released by handleMessage(REPORT_SV_STATUS, 0, com.android.server.location.GnssLocationProvider$SvStatusInfo@70c96ac)
03-01 18:34:03.694  1620  1620 D gralloc_ranchu: gralloc_alloc: Creating ashmem region of size 9281536
03-01 18:34:03.695  1620  1863 D gralloc_ranchu: gralloc_alloc: Creating ashmem region of size 9281536
03-01 18:34:03.708  2275  2275 I GoogleInputMethod: onFinishInput() : Dummy InputConnection bound
03-01 18:34:03.708  2275  2275 I GoogleInputMethod: onStartInput() : Dummy InputConnection bound
03-01 18:34:03.722 26754 26795 D EGL_emulation: eglMakeCurrent: 0xe7504300: ver 3 0 (tinfo 0xe75037f0)
03-01 18:34:03.862  2087  2132 I ActivityManager: Displayed com.example.dogglers/androidx.test.core.app.InstrumentationActivityInvoker$EmptyActivity: +600ms (total +1s672ms)
03-01 18:34:03.911 26754 26754 D LifecycleMonitor: Lifecycle status change: androidx.test.core.app.InstrumentationActivityInvoker$EmptyActivity@76e21ef in: STOPPED
03-01 18:34:03.911 26754 26754 D LifecycleMonitor: running callback: androidx.test.core.app.ActivityScenario$1@51b8c9e
03-01 18:34:03.913 26754 26754 V ActivityScenario: Activity lifecycle changed event received but ignored because the intent does not match. startActivityIntent=Intent { act=android.intent.action.MAIN cat=[android.intent.category.LAUNCHER] cmp=com.example.dogglers/.MainActivity }, activity.getIntent()=Intent { act=android.intent.action.MAIN cat=[android.intent.category.LAUNCHER] flg=0x10000000 cmp=com.example.dogglers/androidx.test.core.app.InstrumentationActivityInvoker$EmptyActivity }, activity=androidx.test.core.app.InstrumentationActivityInvoker$EmptyActivity@76e21ef
03-01 18:34:03.913 26754 26754 D LifecycleMonitor: callback completes: androidx.test.core.app.ActivityScenario$1@51b8c9e
03-01 18:34:03.915 26754 26754 D LifecycleMonitor: Lifecycle status change: androidx.test.core.app.InstrumentationActivityInvoker$EmptyActivity@76e21ef in: DESTROYED
03-01 18:34:03.915 26754 26754 D LifecycleMonitor: running callback: androidx.test.core.app.ActivityScenario$1@51b8c9e
03-01 18:34:03.916 26754 26754 V ActivityScenario: Activity lifecycle changed event received but ignored because the intent does not match. startActivityIntent=Intent { act=android.intent.action.MAIN cat=[android.intent.category.LAUNCHER] cmp=com.example.dogglers/.MainActivity }, activity.getIntent()=Intent { act=android.intent.action.MAIN cat=[android.intent.category.LAUNCHER] flg=0x10000000 cmp=com.example.dogglers/androidx.test.core.app.InstrumentationActivityInvoker$EmptyActivity }, activity=androidx.test.core.app.InstrumentationActivityInvoker$EmptyActivity@76e21ef
03-01 18:34:03.916 26754 26754 D LifecycleMonitor: callback completes: androidx.test.core.app.ActivityScenario$1@51b8c9e
03-01 18:34:03.962  1715  1715 W SurfaceFlinger: couldn't log to binary event log: overflow.
03-01 18:34:04.036 26754 26754 D LifecycleMonitor: Lifecycle status change: androidx.test.core.app.InstrumentationActivityInvoker$EmptyActivity@44f89a6 in: PAUSED
03-01 18:34:04.036 26754 26754 D LifecycleMonitor: running callback: androidx.test.core.app.ActivityScenario$1@51b8c9e
03-01 18:34:04.037 26754 26754 V ActivityScenario: Activity lifecycle changed event received but ignored because the intent does not match. startActivityIntent=Intent { act=android.intent.action.MAIN cat=[android.intent.category.LAUNCHER] cmp=com.example.dogglers/.MainActivity }, activity.getIntent()=Intent { act=android.intent.action.MAIN cat=[android.intent.category.LAUNCHER] flg=0x10000000 cmp=com.example.dogglers/androidx.test.core.app.InstrumentationActivityInvoker$EmptyActivity }, activity=androidx.test.core.app.InstrumentationActivityInvoker$EmptyActivity@44f89a6
03-01 18:34:04.037 26754 26754 D LifecycleMonitor: callback completes: androidx.test.core.app.ActivityScenario$1@51b8c9e
03-01 18:34:04.176 26754 26754 D LifecycleMonitor: Lifecycle status change: com.example.dogglers.MainActivity@4c27013 in: STOPPED
03-01 18:34:04.176 26754 26754 D LifecycleMonitor: running callback: androidx.test.core.app.ActivityScenario$1@51b8c9e
03-01 18:34:04.177 26754 26754 V ActivityScenario: Update currentActivityStage to STOPPED, currentActivity=com.example.dogglers.MainActivity@4c27013
03-01 18:34:04.177 26754 26754 D LifecycleMonitor: callback completes: androidx.test.core.app.ActivityScenario$1@51b8c9e
03-01 18:34:04.211  1620  1620 D gralloc_ranchu: gralloc_alloc: Creating ashmem region of size 9850880
03-01 18:34:04.232 26754 26754 D LifecycleMonitor: Lifecycle status change: com.example.dogglers.MainActivity@4c27013 in: DESTROYED
03-01 18:34:04.232 26754 26754 D LifecycleMonitor: running callback: androidx.test.core.app.ActivityScenario$1@51b8c9e
03-01 18:34:04.233 26754 26754 V ActivityScenario: Update currentActivityStage to DESTROYED, currentActivity=null
03-01 18:34:04.235 26754 26754 D LifecycleMonitor: callback completes: androidx.test.core.app.ActivityScenario$1@51b8c9e
03-01 18:34:04.267 26754 26790 I TestRunner: finished: grid_list_button_is_displayed(com.example.dogglers.ButtonTests)
